<html>
<body>
<pre>
<h1>µVision Build Log</h1>
<h2>Project:</h2>
E:\ARM\lm3s8962projects\WebServer_SSL\Project\Keil\WebServer_SSL.uvproj
Project File Date:  04/22/2013

<h2>Output:</h2>
Build target 'WebServer_SSL'
compiling main.c...
compiling rit128x96x4.c...
compiling display.c...
assembling Startup_rvmdk.S...
compiling lwiplib.c...
compiling cipherSuite.c...
compiling matrixSsl.c...
..\..\Source\MatrixSSL\src\matrixSsl.c(577): warning:  #186-D: pointless comparison of unsigned integer with zero
..\..\Source\MatrixSSL\src\matrixSsl.c(619): warning:  #186-D: pointless comparison of unsigned integer with zero
..\..\Source\MatrixSSL\src\matrixSsl.c(665): warning:  #186-D: pointless comparison of unsigned integer with zero
..\..\Source\MatrixSSL\src\matrixSsl.c(698): warning:  #186-D: pointless comparison of unsigned integer with zero
..\..\Source\MatrixSSL\src\matrixSsl.c(724): warning:  #186-D: pointless comparison of unsigned integer with zero
..\..\Source\MatrixSSL\src\matrixSsl.c(40): warning:  #177-D: variable "copyright" was declared but never referenced
..\..\Source\MatrixSSL\src\matrixSsl.c(46): warning:  #177-D: variable "sessionTableLock" was declared but never referenced
compiling sslDecode.c...
compiling sslEncode.c...
compiling sslv3.c...
compiling arc4.c...
compiling base64.c...
compiling des3.c...
..\..\Source\MatrixSSL\src\crypto\peersec\des3.c(248): warning:  #550-D: variable "err" was set but never used
compiling md2.c...
compiling md5.c...
compiling mpi.c...
compiling rsa.c...
compiling sha1.c...
compiling asn1.c...
compiling rsaPki.c...
..\..\Source\MatrixSSL\src\pki\rsaPki.c(472): warning:  #550-D: variable "dnStart" was set but never used
..\..\Source\MatrixSSL\src\pki\rsaPki.c(60): warning:  #177-D: variable "encryptHeader" was declared but never referenced
..\..\Source\MatrixSSL\src\pki\rsaPki.c(61): warning:  #177-D: function "hexToBinary" was declared but never referenced
compiling x509.c...
compiling no_os.c...
compiling debug.c...
compiling privkeySrv.c...
compiling certSrv.c...
compiling ssl.c...
compiling bget.c...
compiling ff.c...
..\..\Source\fatfs\src\ff.c(573): warning:  #1293-D: assignment in condition
..\..\Source\fatfs\src\ff.c(648): warning:  #1293-D: assignment in condition
..\..\Source\fatfs\src\ff.c(1255): warning:  #188-D: enumerated type mixed with another type
compiling mmc-ek-lm3s8962.c...
compiling httpsd.c...
compiling lmi_fs.c...
compiling uartstdio.c...
compiling ustdlib.c...
linking...
Program Size: Code=88244 RO-data=22400 RW-data=2172 ZI-data=53756  
FromELF: creating hex file...
"..\..\Output\WebServer_SSL.axf" - 0 Error(s), 14 Warning(s).
